
> backend@0.0.1 build
> nest build

node.exe : [96msrc/platform/batch5-seed.service.ts[0m:[93m93[0m:[93m31[0m - [91merror[0m[90m TS2345: [0mArgument of type 'Client' is not assignable to parameter of type 'never'.
At line:1 char:1
+ & "C:\Program Files\nodejs/node.exe" "C:\Program Files\nodejs/node_mo ...
+ ~~~~~~~~~~~~~~~~~~~~~~~~~~~~~~~~~~~~~~~~~~~~~~~~~~~~~~~~~~~~~~~~~~~~~
    + CategoryInfo          : NotSpecified: ([96msrc/platfo...f type 'never'.:String) [], RemoteException
    + FullyQualifiedErrorId : NativeCommandError
 

[7m93[0m             savedClients.push(client);
[7m  [0m [91m                              ~~~~~~[0m
[96msrc/platform/batch5-seed.service.ts[0m:[93m121[0m:[93m37[0m - [91merror[0m[90m TS2339: [0mProperty 'client_name' does not exist on type 'never'.

[7m121[0m                     name: `${client.client_name} - Standard`,
[7m   [0m [91m                                    ~~~~~~~~~~~[0m
[96msrc/platform/batch5-seed.service.ts[0m:[93m123[0m:[93m74[0m - [91merror[0m[90m TS2339: [0mProperty 'client_name' does not exist on type 'never'.

[7m123[0m                     description: 'Full operational access for ' + client.client_name,
[7m   [0m [91m                                                                         ~~~~~~~~~~~[0m
[96msrc/platform/batch5-seed.service.ts[0m:[93m128[0m:[93m37[0m - [91merror[0m[90m TS2339: [0mProperty 'client_name' does not exist on type 'never'.

[7m128[0m                     name: `${client.client_name} - Minimal`,
[7m   [0m [91m                                    ~~~~~~~~~~~[0m
[96msrc/platform/batch5-seed.service.ts[0m:[93m130[0m:[93m68[0m - [91merror[0m[90m TS2339: [0mProperty 'client_name' does not exist on type 'never'.

[7m130[0m                     description: 'Restricted access for ' + client.client_name,
[7m   [0m [91m                                                                   ~~~~~~~~~~~[0m
[96msrc/platform/batch5-seed.service.ts[0m:[93m135[0m:[93m37[0m - [91merror[0m[90m TS2339: [0mProperty 'client_name' does not exist on type 'never'.

[7m135[0m                     name: `${client.client_name} - Executive`,
[7m   [0m [91m                                    ~~~~~~~~~~~[0m
[96msrc/platform/batch5-seed.service.ts[0m:[93m137[0m:[93m74[0m - [91merror[0m[90m TS2339: [0mProperty 'client_name' does not exist on type 'never'.

[7m137[0m                     description: 'High-level admin access for ' + client.client_name,
[7m   [0m [91m                                                                         ~~~~~~~~~~~[0m
[96msrc/platform/batch5-seed.service.ts[0m:[93m165[0m:[93m97[0m - [91merror[0m[90m TS2339: [0mProperty 'client_name' does not exist on type 'never'.

[7m165[0m             const standardGroup = await this.groupRepo.findOne({ where: { group_name: `${client.client_name} - Standard` } });
[7m   [0m [91m                                                                                                ~~~~~~~~~~~[0m
[96msrc/platform/batch5-seed.service.ts[0m:[93m166[0m:[93m96[0m - [91merror[0m[90m TS2339: [0mProperty 'client_name' does not exist on type 'never'.

[7m166[0m             const minimalGroup = await this.groupRepo.findOne({ where: { group_name: `${client.client_name} - Minimal` } });
[7m   [0m [91m                                                                                               ~~~~~~~~~~~[0m
[96msrc/platform/batch5-seed.service.ts[0m:[93m167[0m:[93m98[0m - [91merror[0m[90m TS2339: [0mProperty 'client_name' does not exist on type 'never'.

[7m167[0m             const executiveGroup = await this.groupRepo.findOne({ where: { group_name: `${client.client_name} - Executive` } });
[7m   [0m [91m                                                                                                 ~~~~~~~~~~~[0m
[96msrc/platform/batch5-seed.service.ts[0m:[93m170[0m:[93m24[0m - [91merror[0m[90m TS2339: [0mProperty 'domain_slug' does not exist on type 'never'.

[7m170[0m             if (client.domain_slug === 'kitchen-club') {
[7m   [0m [91m                       ~~~~~~~~~~~[0m
[96msrc/platform/batch5-seed.service.ts[0m:[93m172[0m:[93m21[0m - [91merror[0m[90m TS2345: [0mArgument of type '{ full_name: string; email: string; username: string; role_id: any; group_id: string; designation: string; department: 
string; }' is not assignable to parameter of type 'never'.

[7m172[0m                     {
[7m   [0m [91m                    ~[0m
[7m173[0m                         full_name: 'KC Admin',
[7m   [0m [91m~~~~~~~~~~~~~~~~~~~~~~~~~~~~~~~~~~~~~~~~~~~~~~[0m
[7m...[0m 
[7m179[0m                         department: 'Executive'
[7m   [0m [91m~~~~~~~~~~~~~~~~~~~~~~~~~~~~~~~~~~~~~~~~~~~~~~~[0m
[7m180[0m                     },
[7m   [0m [91m~~~~~~~~~~~~~~~~~~~~~[0m
[96msrc/platform/batch5-seed.service.ts[0m:[93m177[0m:[93m35[0m - [91merror[0m[90m TS18047: [0m'executiveGroup' is possibly 'null'.

[7m177[0m                         group_id: executiveGroup.id,
[7m   [0m [91m                                  ~~~~~~~~~~~~~~[0m
[96msrc/platform/batch5-seed.service.ts[0m:[93m186[0m:[93m35[0m - [91merror[0m[90m TS18047: [0m'standardGroup' is possibly 'null'.

[7m186[0m                         group_id: standardGroup.id,
[7m   [0m [91m                                  ~~~~~~~~~~~~~[0m
[96msrc/platform/batch5-seed.service.ts[0m:[93m195[0m:[93m35[0m - [91merror[0m[90m TS18047: [0m'minimalGroup' is possibly 'null'.

[7m195[0m                         group_id: minimalGroup.id,
[7m   [0m [91m                                  ~~~~~~~~~~~~[0m
[96msrc/platform/batch5-seed.service.ts[0m:[93m202[0m:[93m21[0m - [91merror[0m[90m TS2345: [0mArgument of type '{ full_name: string; email: string; username: string; role_id: any; group_id: string; designation: string; department: 
string; }' is not assignable to parameter of type 'never'.

[7m202[0m                     {
[7m   [0m [91m                    ~[0m
[7m203[0m                         full_name: `Admin ${client.client_name}`,
[7m   [0m [91m~~~~~~~~~~~~~~~~~~~~~~~~~~~~~~~~~~~~~~~~~~~~~~~~~~~~~~~~~~~~~~~~~[0m
[7m...[0m 
[7m209[0m                         department: 'Management'
[7m   [0m [91m~~~~~~~~~~~~~~~~~~~~~~~~~~~~~~~~~~~~~~~~~~~~~~~~[0m
[7m210[0m                     },
[7m   [0m [91m~~~~~~~~~~~~~~~~~~~~~[0m
[96msrc/platform/batch5-seed.service.ts[0m:[93m203[0m:[93m52[0m - [91merror[0m[90m TS2339: [0mProperty 'client_name' does not exist on type 'never'.

[7m203[0m                         full_name: `Admin ${client.client_name}`,
[7m   [0m [91m                                                   ~~~~~~~~~~~[0m
[96msrc/platform/batch5-seed.service.ts[0m:[93m204[0m:[93m48[0m - [91merror[0m[90m TS2339: [0mProperty 'domain_slug' does not exist on type 'never'.

[7m204[0m                         email: `admin@${client.domain_slug}.com`,
[7m   [0m [91m                                               ~~~~~~~~~~~[0m
[96msrc/platform/batch5-seed.service.ts[0m:[93m205[0m:[93m51[0m - [91merror[0m[90m TS2339: [0mProperty 'domain_slug' does not exist on type 'never'.

[7m205[0m                         username: `admin_${client.domain_slug.replace('-', '_')}`,
[7m   [0m [91m                                                  ~~~~~~~~~~~[0m
[96msrc/platform/batch5-seed.service.ts[0m:[93m207[0m:[93m35[0m - [91merror[0m[90m TS18047: [0m'executiveGroup' is possibly 'null'.

[7m207[0m                         group_id: executiveGroup.id,
[7m   [0m [91m                                  ~~~~~~~~~~~~~~[0m
[96msrc/platform/batch5-seed.service.ts[0m:[93m212[0m:[93m52[0m - [91merror[0m[90m TS2339: [0mProperty 'client_name' does not exist on type 'never'.

[7m212[0m                         full_name: `Staff ${client.client_name}`,
[7m   [0m [91m                                                   ~~~~~~~~~~~[0m
[96msrc/platform/batch5-seed.service.ts[0m:[93m213[0m:[93m48[0m - [91merror[0m[90m TS2339: [0mProperty 'domain_slug' does not exist on type 'never'.

[7m213[0m                         email: `staff@${client.domain_slug}.com`,
[7m   [0m [91m                                               ~~~~~~~~~~~[0m
[96msrc/platform/batch5-seed.service.ts[0m:[93m214[0m:[93m51[0m - [91merror[0m[90m TS2339: [0mProperty 'domain_slug' does not exist on type 'never'.

[7m214[0m                         username: `staff_${client.domain_slug.replace('-', '_')}`,
[7m   [0m [91m                                                  ~~~~~~~~~~~[0m
[96msrc/platform/batch5-seed.service.ts[0m:[93m216[0m:[93m35[0m - [91merror[0m[90m TS18047: [0m'standardGroup' is possibly 'null'.

[7m216[0m                         group_id: standardGroup.id,
[7m   [0m [91m                                  ~~~~~~~~~~~~~[0m
[96msrc/platform/batch5-seed.service.ts[0m:[93m224[0m:[93m76[0m - [91merror[0m[90m TS2339: [0mProperty 'email' does not exist on type 'never'.

[7m224[0m                 let user = await this.userRepo.findOne({ where: { email: u.email } });
[7m   [0m [91m                                                                           ~~~~~[0m
[96msrc/platform/batch5-seed.service.ts[0m:[93m226[0m:[93m21[0m - [91merror[0m[90m TS2740: [0mType 'SystemUser[]' is missing the following properties from type 'SystemUser': id, full_name, username, email, and 15 more.

[7m226[0m                     user = this.userRepo.create({
[7m   [0m [91m                    ~~~~[0m
[96msrc/platform/batch5-seed.service.ts[0m:[93m227[0m:[93m25[0m - [91merror[0m[90m TS2698: [0mSpread types may only be created from object types.

[7m227[0m                         ...u,
[7m   [0m [91m                        ~~~~[0m
[96msrc/platform/batch5-seed.service.ts[0m:[93m229[0m:[93m52[0m - [91merror[0m[90m TS2339: [0mProperty 'id' does not exist on type 'never'.

[7m229[0m                         user_number: `SYS-${client.id}-${Math.floor(Math.random() * 1000)}`,
[7m   [0m [91m                                                   ~~[0m
[96msrc/platform/batch5-seed.service.ts[0m:[93m234[0m:[93m46[0m - [91merror[0m[90m TS2769: [0mNo overload matches this call.
  Overload 1 of 4, '(entities: DeepPartial<SystemUser>[], options?: SaveOptions | undefined): Promise<(DeepPartial<SystemUser> & SystemUser)[]>', gave the following error.
    Argument of type 'SystemUser | null' is not assignable to parameter of type 'DeepPartial<SystemUser>[]'.
      Type 'null' is not assignable to type 'DeepPartial<SystemUser>[]'.
Found 31 error(s).

  Overload 2 of 4, '(entity: DeepPartial<SystemUser>, options?: SaveOptions | undefined): Promise<DeepPartial<SystemUser> & SystemUser>', gave the following error.
    Argument of type 'SystemUser | null' is not assignable to parameter of type 'DeepPartial<SystemUser>'.
      Type 'null' is not assignable to type 'DeepPartial<SystemUser>'.

[7m234[0m                     await this.userRepo.save(user);
[7m   [0m [91m                                             ~~~~[0m

[96msrc/platform/themes/themes.service.ts[0m:[93m8[0m:[93m7[0m - [91merror[0m[90m TS2740: [0mType '{ bg_deep: string; bg_primary: string; bg_secondary: string; bg_tertiary: string; bg_overlay: string; nav_bg: string; nav_border: 
string; nav_header_bg: string; nav_item_text: string; nav_item_text_hover: string; ... 116 more ...; shadow_modal: string; }' is missing the following properties from type 'ThemeTokens': card_highlight_bg, card_highlight_border, 
card_warning_bg, card_warning_border, and 10 more.

[7m8[0m const DARK_TOKENS: ThemeTokens = {
[7m [0m [91m      ~~~~~~~~~~~[0m
[96msrc/platform/themes/themes.service.ts[0m:[93m69[0m:[93m7[0m - [91merror[0m[90m TS2740: [0mType '{ bg_deep: string; bg_primary: string; bg_secondary: string; bg_tertiary: string; bg_overlay: string; nav_bg: string; nav_border: 
string; nav_header_bg: string; nav_item_text: string; nav_item_text_hover: string; ... 116 more ...; shadow_modal: string; }' is missing the following properties from type 'ThemeTokens': card_highlight_bg, card_highlight_border, 
card_warning_bg, card_warning_border, and 10 more.

[7m69[0m const LIGHT_TOKENS: ThemeTokens = {
[7m  [0m [91m      ~~~~~~~~~~~~[0m

